// Jest Snapshot v1, https://goo.gl/fbAQLP

exports[`UserDisplay matches a snapshot 1`] = `
<li>
  <p>
    Rick
  </p>
  <p>
    2
  </p>
  <p>
    3
  </p>
  <a
    href="https://rickandmortyapi.com/api/character/avatar/1.jpeg"
  >
     Link to Github profile 
  </a>
</li>
`;
